IP4 VERI VE ZAMAN SOZLESMESI ASSERTLERI GECTI
T0 SELECT ORIGIN 01/24 2023-04 target=2023-07 train_n=59 known=[]
T0 FIT_DONE 2023-04 seconds=19.10 models=['SeasonalNaive', 'RecursiveTabular', 'DirectTabular', 'ETS', 'Theta', 'Chronos2', 'Toto2', 'WeightedEnsemble']
T0 SELECT ORIGIN 02/24 2023-05 target=2023-08 train_n=60 known=[]
T0 FIT_DONE 2023-05 seconds=6.14 models=['SeasonalNaive', 'RecursiveTabular', 'DirectTabular', 'ETS', 'Theta', 'Chronos2', 'Toto2', 'WeightedEnsemble']
T0 SELECT ORIGIN 03/24 2023-06 target=2023-09 train_n=61 known=[]
T0 FIT_DONE 2023-06 seconds=3.29 models=['SeasonalNaive', 'RecursiveTabular', 'DirectTabular', 'ETS', 'Theta', 'Chronos2', 'Toto2', 'WeightedEnsemble']
T0 SELECT ORIGIN 04/24 2023-07 target=2023-10 train_n=62 known=[]
T0 FIT_DONE 2023-07 seconds=2.55 models=['SeasonalNaive', 'RecursiveTabular', 'DirectTabular', 'ETS', 'Theta', 'Chronos2', 'Toto2', 'WeightedEnsemble']
T0 SELECT ORIGIN 05/24 2023-08 target=2023-11 train_n=63 known=[]
T0 FIT_DONE 2023-08 seconds=2.56 models=['SeasonalNaive', 'RecursiveTabular', 'DirectTabular', 'ETS', 'Theta', 'Chronos2', 'Toto2', 'WeightedEnsemble']
T0 SELECT ORIGIN 06/24 2023-09 target=2023-12 train_n=64 known=[]
T0 FIT_DONE 2023-09 seconds=3.43 models=['SeasonalNaive', 'RecursiveTabular', 'DirectTabular', 'ETS', 'Theta', 'Chronos2', 'Toto2', 'WeightedEnsemble']
T0 SELECT ORIGIN 07/24 2023-10 target=2024-01 train_n=65 known=[]
T0 FIT_DONE 2023-10 seconds=2.55 models=['SeasonalNaive', 'RecursiveTabular', 'DirectTabular', 'ETS', 'Theta', 'Chronos2', 'Toto2', 'WeightedEnsemble']
T0 SELECT ORIGIN 08/24 2023-11 target=2024-02 train_n=66 known=[]
T0 FIT_DONE 2023-11 seconds=2.62 models=['SeasonalNaive', 'RecursiveTabular', 'DirectTabular', 'ETS', 'Theta', 'Chronos2', 'Toto2', 'WeightedEnsemble']
T0 SELECT ORIGIN 09/24 2023-12 target=2024-03 train_n=67 known=[]
T0 FIT_DONE 2023-12 seconds=2.53 models=['SeasonalNaive', 'RecursiveTabular', 'DirectTabular', 'ETS', 'Theta', 'Chronos2', 'Toto2', 'WeightedEnsemble']
T0 SELECT ORIGIN 10/24 2024-01 target=2024-04 train_n=68 known=[]
T0 FIT_DONE 2024-01 seconds=2.58 models=['SeasonalNaive', 'RecursiveTabular', 'DirectTabular', 'ETS', 'Theta', 'Chronos2', 'Toto2', 'WeightedEnsemble']
T0 SELECT ORIGIN 11/24 2024-02 target=2024-05 train_n=69 known=[]
T0 FIT_DONE 2024-02 seconds=2.52 models=['SeasonalNaive', 'RecursiveTabular', 'DirectTabular', 'ETS', 'Theta', 'Chronos2', 'Toto2', 'WeightedEnsemble']
T0 SELECT ORIGIN 12/24 2024-03 target=2024-06 train_n=70 known=[]
T0 FIT_DONE 2024-03 seconds=2.55 models=['SeasonalNaive', 'RecursiveTabular', 'DirectTabular', 'ETS', 'Theta', 'Chronos2', 'Toto2', 'WeightedEnsemble']
T0 CONFIRM ORIGIN 13/24 2024-04 target=2024-07 train_n=71 known=[]
T0 FIT_DONE 2024-04 seconds=3.51 models=['SeasonalNaive', 'RecursiveTabular', 'DirectTabular', 'ETS', 'Theta', 'Chronos2', 'Toto2', 'WeightedEnsemble']
T0 CONFIRM ORIGIN 14/24 2024-05 target=2024-08 train_n=72 known=[]
T0 FIT_DONE 2024-05 seconds=2.62 models=['SeasonalNaive', 'RecursiveTabular', 'DirectTabular', 'ETS', 'Theta', 'Chronos2', 'Toto2', 'WeightedEnsemble']
T0 CONFIRM ORIGIN 15/24 2024-06 target=2024-09 train_n=73 known=[]
T0 FIT_DONE 2024-06 seconds=2.70 models=['SeasonalNaive', 'RecursiveTabular', 'DirectTabular', 'ETS', 'Theta', 'Chronos2', 'Toto2', 'WeightedEnsemble']
T0 CONFIRM ORIGIN 16/24 2024-07 target=2024-10 train_n=74 known=[]
T0 FIT_DONE 2024-07 seconds=2.77 models=['SeasonalNaive', 'RecursiveTabular', 'DirectTabular', 'ETS', 'Theta', 'Chronos2', 'Toto2', 'WeightedEnsemble']
T0 CONFIRM ORIGIN 17/24 2024-08 target=2024-11 train_n=75 known=[]
T0 FIT_DONE 2024-08 seconds=2.60 models=['SeasonalNaive', 'RecursiveTabular', 'DirectTabular', 'ETS', 'Theta', 'Chronos2', 'Toto2', 'WeightedEnsemble']
T0 CONFIRM ORIGIN 18/24 2024-09 target=2024-12 train_n=76 known=[]
T0 FIT_DONE 2024-09 seconds=2.62 models=['SeasonalNaive', 'RecursiveTabular', 'DirectTabular', 'ETS', 'Theta', 'Chronos2', 'Toto2', 'WeightedEnsemble']
T0 CONFIRM ORIGIN 19/24 2024-10 target=2025-01 train_n=77 known=[]
T0 FIT_DONE 2024-10 seconds=2.68 models=['SeasonalNaive', 'RecursiveTabular', 'DirectTabular', 'ETS', 'Theta', 'Chronos2', 'Toto2', 'WeightedEnsemble']
T0 CONFIRM ORIGIN 20/24 2024-11 target=2025-02 train_n=78 known=[]
T0 FIT_DONE 2024-11 seconds=2.63 models=['SeasonalNaive', 'RecursiveTabular', 'DirectTabular', 'ETS', 'Theta', 'Chronos2', 'Toto2', 'WeightedEnsemble']
T0 CONFIRM ORIGIN 21/24 2024-12 target=2025-03 train_n=79 known=[]
T0 FIT_DONE 2024-12 seconds=2.69 models=['SeasonalNaive', 'RecursiveTabular', 'DirectTabular', 'ETS', 'Theta', 'Chronos2', 'Toto2', 'WeightedEnsemble']
T0 CONFIRM ORIGIN 22/24 2025-01 target=2025-04 train_n=80 known=[]
T0 FIT_DONE 2025-01 seconds=2.68 models=['SeasonalNaive', 'RecursiveTabular', 'DirectTabular', 'ETS', 'Theta', 'Chronos2', 'Toto2', 'WeightedEnsemble']
T0 CONFIRM ORIGIN 23/24 2025-02 target=2025-05 train_n=81 known=[]
T0 FIT_DONE 2025-02 seconds=2.70 models=['SeasonalNaive', 'RecursiveTabular', 'DirectTabular', 'ETS', 'Theta', 'Chronos2', 'Toto2', 'WeightedEnsemble']
T0 CONFIRM ORIGIN 24/24 2025-03 target=2025-06 train_n=82 known=[]
T0 FIT_DONE 2025-03 seconds=2.73 models=['SeasonalNaive', 'RecursiveTabular', 'DirectTabular', 'ETS', 'Theta', 'Chronos2', 'Toto2', 'WeightedEnsemble']
T1 SELECT ORIGIN 01/24 2023-04 target=2023-07 train_n=59 known=['noter_devir_otomobil_adet_lag3', 'osd_binek_adet_lag3', 'otv_event_ay_mi_lag3']
T1 FIT_DONE 2023-04 seconds=2.97 models=['SeasonalNaive', 'RecursiveTabular', 'DirectTabular', 'ETS', 'Theta', 'Chronos2', 'Toto2', 'WeightedEnsemble']
T1 SELECT ORIGIN 02/24 2023-05 target=2023-08 train_n=60 known=['noter_devir_otomobil_adet_lag3', 'osd_binek_adet_lag3', 'otv_event_ay_mi_lag3']
T1 FIT_DONE 2023-05 seconds=3.06 models=['SeasonalNaive', 'RecursiveTabular', 'DirectTabular', 'ETS', 'Theta', 'Chronos2', 'Toto2', 'WeightedEnsemble']
T1 SELECT ORIGIN 03/24 2023-06 target=2023-09 train_n=61 known=['noter_devir_otomobil_adet_lag3', 'osd_binek_adet_lag3', 'otv_event_ay_mi_lag3']
T1 FIT_DONE 2023-06 seconds=3.73 models=['SeasonalNaive', 'RecursiveTabular', 'DirectTabular', 'ETS', 'Theta', 'Chronos2', 'Toto2', 'WeightedEnsemble']
T1 SELECT ORIGIN 04/24 2023-07 target=2023-10 train_n=62 known=['noter_devir_otomobil_adet_lag3', 'osd_binek_adet_lag3', 'otv_event_ay_mi_lag3']
T1 FIT_DONE 2023-07 seconds=4.19 models=['SeasonalNaive', 'RecursiveTabular', 'DirectTabular', 'ETS', 'Theta', 'Chronos2', 'Toto2', 'WeightedEnsemble']
T1 SELECT ORIGIN 05/24 2023-08 target=2023-11 train_n=63 known=['noter_devir_otomobil_adet_lag3', 'osd_binek_adet_lag3', 'otv_event_ay_mi_lag3']
T1 FIT_DONE 2023-08 seconds=2.74 models=['SeasonalNaive', 'RecursiveTabular', 'DirectTabular', 'ETS', 'Theta', 'Chronos2', 'Toto2', 'WeightedEnsemble']
T1 SELECT ORIGIN 06/24 2023-09 target=2023-12 train_n=64 known=['noter_devir_otomobil_adet_lag3', 'osd_binek_adet_lag3', 'otv_event_ay_mi_lag3']
T1 FIT_DONE 2023-09 seconds=3.03 models=['SeasonalNaive', 'RecursiveTabular', 'DirectTabular', 'ETS', 'Theta', 'Chronos2', 'Toto2', 'WeightedEnsemble']
T1 SELECT ORIGIN 07/24 2023-10 target=2024-01 train_n=65 known=['noter_devir_otomobil_adet_lag3', 'osd_binek_adet_lag3', 'otv_event_ay_mi_lag3']
T1 FIT_DONE 2023-10 seconds=2.65 models=['SeasonalNaive', 'RecursiveTabular', 'DirectTabular', 'ETS', 'Theta', 'Chronos2', 'Toto2', 'WeightedEnsemble']
T1 SELECT ORIGIN 08/24 2023-11 target=2024-02 train_n=66 known=['noter_devir_otomobil_adet_lag3', 'osd_binek_adet_lag3', 'otv_event_ay_mi_lag3']
T1 FIT_DONE 2023-11 seconds=2.66 models=['SeasonalNaive', 'RecursiveTabular', 'DirectTabular', 'ETS', 'Theta', 'Chronos2', 'Toto2', 'WeightedEnsemble']
T1 SELECT ORIGIN 09/24 2023-12 target=2024-03 train_n=67 known=['noter_devir_otomobil_adet_lag3', 'osd_binek_adet_lag3', 'otv_event_ay_mi_lag3']
T1 FIT_DONE 2023-12 seconds=2.69 models=['SeasonalNaive', 'RecursiveTabular', 'DirectTabular', 'ETS', 'Theta', 'Chronos2', 'Toto2', 'WeightedEnsemble']
T1 SELECT ORIGIN 10/24 2024-01 target=2024-04 train_n=68 known=['noter_devir_otomobil_adet_lag3', 'osd_binek_adet_lag3', 'otv_event_ay_mi_lag3']
T1 FIT_DONE 2024-01 seconds=2.81 models=['SeasonalNaive', 'RecursiveTabular', 'DirectTabular', 'ETS', 'Theta', 'Chronos2', 'Toto2', 'WeightedEnsemble']
T1 SELECT ORIGIN 11/24 2024-02 target=2024-05 train_n=69 known=['noter_devir_otomobil_adet_lag3', 'osd_binek_adet_lag3', 'otv_event_ay_mi_lag3']
T1 FIT_DONE 2024-02 seconds=2.63 models=['SeasonalNaive', 'RecursiveTabular', 'DirectTabular', 'ETS', 'Theta', 'Chronos2', 'Toto2', 'WeightedEnsemble']
T1 SELECT ORIGIN 12/24 2024-03 target=2024-06 train_n=70 known=['noter_devir_otomobil_adet_lag3', 'osd_binek_adet_lag3', 'otv_event_ay_mi_lag3']
T1 FIT_DONE 2024-03 seconds=2.70 models=['SeasonalNaive', 'RecursiveTabular', 'DirectTabular', 'ETS', 'Theta', 'Chronos2', 'Toto2', 'WeightedEnsemble']
T1 CONFIRM ORIGIN 13/24 2024-04 target=2024-07 train_n=71 known=['noter_devir_otomobil_adet_lag3', 'osd_binek_adet_lag3', 'otv_event_ay_mi_lag3']
T1 FIT_DONE 2024-04 seconds=2.81 models=['SeasonalNaive', 'RecursiveTabular', 'DirectTabular', 'ETS', 'Theta', 'Chronos2', 'Toto2', 'WeightedEnsemble']
T1 CONFIRM ORIGIN 14/24 2024-05 target=2024-08 train_n=72 known=['noter_devir_otomobil_adet_lag3', 'osd_binek_adet_lag3', 'otv_event_ay_mi_lag3']
T1 FIT_DONE 2024-05 seconds=2.70 models=['SeasonalNaive', 'RecursiveTabular', 'DirectTabular', 'ETS', 'Theta', 'Chronos2', 'Toto2', 'WeightedEnsemble']
T1 CONFIRM ORIGIN 15/24 2024-06 target=2024-09 train_n=73 known=['noter_devir_otomobil_adet_lag3', 'osd_binek_adet_lag3', 'otv_event_ay_mi_lag3']
T1 FIT_DONE 2024-06 seconds=2.70 models=['SeasonalNaive', 'RecursiveTabular', 'DirectTabular', 'ETS', 'Theta', 'Chronos2', 'Toto2', 'WeightedEnsemble']
T1 CONFIRM ORIGIN 16/24 2024-07 target=2024-10 train_n=74 known=['noter_devir_otomobil_adet_lag3', 'osd_binek_adet_lag3', 'otv_event_ay_mi_lag3']
T1 FIT_DONE 2024-07 seconds=2.69 models=['SeasonalNaive', 'RecursiveTabular', 'DirectTabular', 'ETS', 'Theta', 'Chronos2', 'Toto2', 'WeightedEnsemble']
T1 CONFIRM ORIGIN 17/24 2024-08 target=2024-11 train_n=75 known=['noter_devir_otomobil_adet_lag3', 'osd_binek_adet_lag3', 'otv_event_ay_mi_lag3']
T1 FIT_DONE 2024-08 seconds=2.79 models=['SeasonalNaive', 'RecursiveTabular', 'DirectTabular', 'ETS', 'Theta', 'Chronos2', 'Toto2', 'WeightedEnsemble']
T1 CONFIRM ORIGIN 18/24 2024-09 target=2024-12 train_n=76 known=['noter_devir_otomobil_adet_lag3', 'osd_binek_adet_lag3', 'otv_event_ay_mi_lag3']
T1 FIT_DONE 2024-09 seconds=2.69 models=['SeasonalNaive', 'RecursiveTabular', 'DirectTabular', 'ETS', 'Theta', 'Chronos2', 'Toto2', 'WeightedEnsemble']
T1 CONFIRM ORIGIN 19/24 2024-10 target=2025-01 train_n=77 known=['noter_devir_otomobil_adet_lag3', 'osd_binek_adet_lag3', 'otv_event_ay_mi_lag3']
T1 FIT_DONE 2024-10 seconds=2.82 models=['SeasonalNaive', 'RecursiveTabular', 'DirectTabular', 'ETS', 'Theta', 'Chronos2', 'Toto2', 'WeightedEnsemble']
T1 CONFIRM ORIGIN 20/24 2024-11 target=2025-02 train_n=78 known=['noter_devir_otomobil_adet_lag3', 'osd_binek_adet_lag3', 'otv_event_ay_mi_lag3']
T1 FIT_DONE 2024-11 seconds=2.72 models=['SeasonalNaive', 'RecursiveTabular', 'DirectTabular', 'ETS', 'Theta', 'Chronos2', 'Toto2', 'WeightedEnsemble']
T1 CONFIRM ORIGIN 21/24 2024-12 target=2025-03 train_n=79 known=['noter_devir_otomobil_adet_lag3', 'osd_binek_adet_lag3', 'otv_event_ay_mi_lag3']
T1 FIT_DONE 2024-12 seconds=3.51 models=['SeasonalNaive', 'RecursiveTabular', 'DirectTabular', 'ETS', 'Theta', 'Chronos2', 'Toto2', 'WeightedEnsemble']
T1 CONFIRM ORIGIN 22/24 2025-01 target=2025-04 train_n=80 known=['noter_devir_otomobil_adet_lag3', 'osd_binek_adet_lag3', 'otv_event_ay_mi_lag3']
T1 FIT_DONE 2025-01 seconds=2.69 models=['SeasonalNaive', 'RecursiveTabular', 'DirectTabular', 'ETS', 'Theta', 'Chronos2', 'Toto2', 'WeightedEnsemble']
T1 CONFIRM ORIGIN 23/24 2025-02 target=2025-05 train_n=81 known=['noter_devir_otomobil_adet_lag3', 'osd_binek_adet_lag3', 'otv_event_ay_mi_lag3']
T1 FIT_DONE 2025-02 seconds=2.70 models=['SeasonalNaive', 'RecursiveTabular', 'DirectTabular', 'ETS', 'Theta', 'Chronos2', 'Toto2', 'WeightedEnsemble']
T1 CONFIRM ORIGIN 24/24 2025-03 target=2025-06 train_n=82 known=['noter_devir_otomobil_adet_lag3', 'osd_binek_adet_lag3', 'otv_event_ay_mi_lag3']
T1 FIT_DONE 2025-03 seconds=2.70 models=['SeasonalNaive', 'RecursiveTabular', 'DirectTabular', 'ETS', 'Theta', 'Chronos2', 'Toto2', 'WeightedEnsemble']
T2 SELECT ORIGIN 01/24 2023-04 target=2023-07 train_n=59 known=['noter_devir_otomobil_adet_lag3', 'osd_binek_adet_lag3', 'otv_event_ay_mi_lag3', 'indicata_satisa_donen_adet_lag3', 'indicata_satis_ilan_orani_pct_lag3']
T2 FIT_DONE 2023-04 seconds=2.99 models=['SeasonalNaive', 'RecursiveTabular', 'DirectTabular', 'ETS', 'Theta', 'Chronos2', 'Toto2', 'WeightedEnsemble']
T2 SELECT ORIGIN 02/24 2023-05 target=2023-08 train_n=60 known=['noter_devir_otomobil_adet_lag3', 'osd_binek_adet_lag3', 'otv_event_ay_mi_lag3', 'indicata_satisa_donen_adet_lag3', 'indicata_satis_ilan_orani_pct_lag3']
T2 FIT_DONE 2023-05 seconds=3.15 models=['SeasonalNaive', 'RecursiveTabular', 'DirectTabular', 'ETS', 'Theta', 'Chronos2', 'Toto2', 'WeightedEnsemble']
T2 SELECT ORIGIN 03/24 2023-06 target=2023-09 train_n=61 known=['noter_devir_otomobil_adet_lag3', 'osd_binek_adet_lag3', 'otv_event_ay_mi_lag3', 'indicata_satisa_donen_adet_lag3', 'indicata_satis_ilan_orani_pct_lag3']
T2 FIT_DONE 2023-06 seconds=4.46 models=['SeasonalNaive', 'RecursiveTabular', 'DirectTabular', 'ETS', 'Theta', 'Chronos2', 'Toto2', 'WeightedEnsemble']
T2 SELECT ORIGIN 04/24 2023-07 target=2023-10 train_n=62 known=['noter_devir_otomobil_adet_lag3', 'osd_binek_adet_lag3', 'otv_event_ay_mi_lag3', 'indicata_satisa_donen_adet_lag3', 'indicata_satis_ilan_orani_pct_lag3']
T2 FIT_DONE 2023-07 seconds=2.80 models=['SeasonalNaive', 'RecursiveTabular', 'DirectTabular', 'ETS', 'Theta', 'Chronos2', 'Toto2', 'WeightedEnsemble']
T2 SELECT ORIGIN 05/24 2023-08 target=2023-11 train_n=63 known=['noter_devir_otomobil_adet_lag3', 'osd_binek_adet_lag3', 'otv_event_ay_mi_lag3', 'indicata_satisa_donen_adet_lag3', 'indicata_satis_ilan_orani_pct_lag3']
T2 FIT_DONE 2023-08 seconds=2.70 models=['SeasonalNaive', 'RecursiveTabular', 'DirectTabular', 'ETS', 'Theta', 'Chronos2', 'Toto2', 'WeightedEnsemble']
T2 SELECT ORIGIN 06/24 2023-09 target=2023-12 train_n=64 known=['noter_devir_otomobil_adet_lag3', 'osd_binek_adet_lag3', 'otv_event_ay_mi_lag3', 'indicata_satisa_donen_adet_lag3', 'indicata_satis_ilan_orani_pct_lag3']
T2 FIT_DONE 2023-09 seconds=2.93 models=['SeasonalNaive', 'RecursiveTabular', 'DirectTabular', 'ETS', 'Theta', 'Chronos2', 'Toto2', 'WeightedEnsemble']
T2 SELECT ORIGIN 07/24 2023-10 target=2024-01 train_n=65 known=['noter_devir_otomobil_adet_lag3', 'osd_binek_adet_lag3', 'otv_event_ay_mi_lag3', 'indicata_satisa_donen_adet_lag3', 'indicata_satis_ilan_orani_pct_lag3']
T2 FIT_DONE 2023-10 seconds=2.76 models=['SeasonalNaive', 'RecursiveTabular', 'DirectTabular', 'ETS', 'Theta', 'Chronos2', 'Toto2', 'WeightedEnsemble']
T2 SELECT ORIGIN 08/24 2023-11 target=2024-02 train_n=66 known=['noter_devir_otomobil_adet_lag3', 'osd_binek_adet_lag3', 'otv_event_ay_mi_lag3', 'indicata_satisa_donen_adet_lag3', 'indicata_satis_ilan_orani_pct_lag3']
T2 FIT_DONE 2023-11 seconds=2.74 models=['SeasonalNaive', 'RecursiveTabular', 'DirectTabular', 'ETS', 'Theta', 'Chronos2', 'Toto2', 'WeightedEnsemble']
T2 SELECT ORIGIN 09/24 2023-12 target=2024-03 train_n=67 known=['noter_devir_otomobil_adet_lag3', 'osd_binek_adet_lag3', 'otv_event_ay_mi_lag3', 'indicata_satisa_donen_adet_lag3', 'indicata_satis_ilan_orani_pct_lag3']
T2 FIT_DONE 2023-12 seconds=3.32 models=['SeasonalNaive', 'RecursiveTabular', 'DirectTabular', 'ETS', 'Theta', 'Chronos2', 'Toto2', 'WeightedEnsemble']
T2 SELECT ORIGIN 10/24 2024-01 target=2024-04 train_n=68 known=['noter_devir_otomobil_adet_lag3', 'osd_binek_adet_lag3', 'otv_event_ay_mi_lag3', 'indicata_satisa_donen_adet_lag3', 'indicata_satis_ilan_orani_pct_lag3']
T2 FIT_DONE 2024-01 seconds=2.66 models=['SeasonalNaive', 'RecursiveTabular', 'DirectTabular', 'ETS', 'Theta', 'Chronos2', 'Toto2', 'WeightedEnsemble']
T2 SELECT ORIGIN 11/24 2024-02 target=2024-05 train_n=69 known=['noter_devir_otomobil_adet_lag3', 'osd_binek_adet_lag3', 'otv_event_ay_mi_lag3', 'indicata_satisa_donen_adet_lag3', 'indicata_satis_ilan_orani_pct_lag3']
T2 FIT_DONE 2024-02 seconds=2.73 models=['SeasonalNaive', 'RecursiveTabular', 'DirectTabular', 'ETS', 'Theta', 'Chronos2', 'Toto2', 'WeightedEnsemble']
T2 SELECT ORIGIN 12/24 2024-03 target=2024-06 train_n=70 known=['noter_devir_otomobil_adet_lag3', 'osd_binek_adet_lag3', 'otv_event_ay_mi_lag3', 'indicata_satisa_donen_adet_lag3', 'indicata_satis_ilan_orani_pct_lag3']
T2 FIT_DONE 2024-03 seconds=2.78 models=['SeasonalNaive', 'RecursiveTabular', 'DirectTabular', 'ETS', 'Theta', 'Chronos2', 'Toto2', 'WeightedEnsemble']
T2 CONFIRM ORIGIN 13/24 2024-04 target=2024-07 train_n=71 known=['noter_devir_otomobil_adet_lag3', 'osd_binek_adet_lag3', 'otv_event_ay_mi_lag3', 'indicata_satisa_donen_adet_lag3', 'indicata_satis_ilan_orani_pct_lag3']
T2 FIT_DONE 2024-04 seconds=2.77 models=['SeasonalNaive', 'RecursiveTabular', 'DirectTabular', 'ETS', 'Theta', 'Chronos2', 'Toto2', 'WeightedEnsemble']
T2 CONFIRM ORIGIN 14/24 2024-05 target=2024-08 train_n=72 known=['noter_devir_otomobil_adet_lag3', 'osd_binek_adet_lag3', 'otv_event_ay_mi_lag3', 'indicata_satisa_donen_adet_lag3', 'indicata_satis_ilan_orani_pct_lag3']
T2 FIT_DONE 2024-05 seconds=2.81 models=['SeasonalNaive', 'RecursiveTabular', 'DirectTabular', 'ETS', 'Theta', 'Chronos2', 'Toto2', 'WeightedEnsemble']
T2 CONFIRM ORIGIN 15/24 2024-06 target=2024-09 train_n=73 known=['noter_devir_otomobil_adet_lag3', 'osd_binek_adet_lag3', 'otv_event_ay_mi_lag3', 'indicata_satisa_donen_adet_lag3', 'indicata_satis_ilan_orani_pct_lag3']
T2 FIT_DONE 2024-06 seconds=2.66 models=['SeasonalNaive', 'RecursiveTabular', 'DirectTabular', 'ETS', 'Theta', 'Chronos2', 'Toto2', 'WeightedEnsemble']
T2 CONFIRM ORIGIN 16/24 2024-07 target=2024-10 train_n=74 known=['noter_devir_otomobil_adet_lag3', 'osd_binek_adet_lag3', 'otv_event_ay_mi_lag3', 'indicata_satisa_donen_adet_lag3', 'indicata_satis_ilan_orani_pct_lag3']
T2 FIT_DONE 2024-07 seconds=2.82 models=['SeasonalNaive', 'RecursiveTabular', 'DirectTabular', 'ETS', 'Theta', 'Chronos2', 'Toto2', 'WeightedEnsemble']
T2 CONFIRM ORIGIN 17/24 2024-08 target=2024-11 train_n=75 known=['noter_devir_otomobil_adet_lag3', 'osd_binek_adet_lag3', 'otv_event_ay_mi_lag3', 'indicata_satisa_donen_adet_lag3', 'indicata_satis_ilan_orani_pct_lag3']
T2 FIT_DONE 2024-08 seconds=2.68 models=['SeasonalNaive', 'RecursiveTabular', 'DirectTabular', 'ETS', 'Theta', 'Chronos2', 'Toto2', 'WeightedEnsemble']
T2 CONFIRM ORIGIN 18/24 2024-09 target=2024-12 train_n=76 known=['noter_devir_otomobil_adet_lag3', 'osd_binek_adet_lag3', 'otv_event_ay_mi_lag3', 'indicata_satisa_donen_adet_lag3', 'indicata_satis_ilan_orani_pct_lag3']
T2 FIT_DONE 2024-09 seconds=2.75 models=['SeasonalNaive', 'RecursiveTabular', 'DirectTabular', 'ETS', 'Theta', 'Chronos2', 'Toto2', 'WeightedEnsemble']
T2 CONFIRM ORIGIN 19/24 2024-10 target=2025-01 train_n=77 known=['noter_devir_otomobil_adet_lag3', 'osd_binek_adet_lag3', 'otv_event_ay_mi_lag3', 'indicata_satisa_donen_adet_lag3', 'indicata_satis_ilan_orani_pct_lag3']
T2 FIT_DONE 2024-10 seconds=2.70 models=['SeasonalNaive', 'RecursiveTabular', 'DirectTabular', 'ETS', 'Theta', 'Chronos2', 'Toto2', 'WeightedEnsemble']
T2 CONFIRM ORIGIN 20/24 2024-11 target=2025-02 train_n=78 known=['noter_devir_otomobil_adet_lag3', 'osd_binek_adet_lag3', 'otv_event_ay_mi_lag3', 'indicata_satisa_donen_adet_lag3', 'indicata_satis_ilan_orani_pct_lag3']
T2 FIT_DONE 2024-11 seconds=2.77 models=['SeasonalNaive', 'RecursiveTabular', 'DirectTabular', 'ETS', 'Theta', 'Chronos2', 'Toto2', 'WeightedEnsemble']
T2 CONFIRM ORIGIN 21/24 2024-12 target=2025-03 train_n=79 known=['noter_devir_otomobil_adet_lag3', 'osd_binek_adet_lag3', 'otv_event_ay_mi_lag3', 'indicata_satisa_donen_adet_lag3', 'indicata_satis_ilan_orani_pct_lag3']
T2 FIT_DONE 2024-12 seconds=3.46 models=['SeasonalNaive', 'RecursiveTabular', 'DirectTabular', 'ETS', 'Theta', 'Chronos2', 'Toto2', 'WeightedEnsemble']
T2 CONFIRM ORIGIN 22/24 2025-01 target=2025-04 train_n=80 known=['noter_devir_otomobil_adet_lag3', 'osd_binek_adet_lag3', 'otv_event_ay_mi_lag3', 'indicata_satisa_donen_adet_lag3', 'indicata_satis_ilan_orani_pct_lag3']
T2 FIT_DONE 2025-01 seconds=2.88 models=['SeasonalNaive', 'RecursiveTabular', 'DirectTabular', 'ETS', 'Theta', 'Chronos2', 'Toto2', 'WeightedEnsemble']
T2 CONFIRM ORIGIN 23/24 2025-02 target=2025-05 train_n=81 known=['noter_devir_otomobil_adet_lag3', 'osd_binek_adet_lag3', 'otv_event_ay_mi_lag3', 'indicata_satisa_donen_adet_lag3', 'indicata_satis_ilan_orani_pct_lag3']
T2 FIT_DONE 2025-02 seconds=2.68 models=['SeasonalNaive', 'RecursiveTabular', 'DirectTabular', 'ETS', 'Theta', 'Chronos2', 'Toto2', 'WeightedEnsemble']
T2 CONFIRM ORIGIN 24/24 2025-03 target=2025-06 train_n=82 known=['noter_devir_otomobil_adet_lag3', 'osd_binek_adet_lag3', 'otv_event_ay_mi_lag3', 'indicata_satisa_donen_adet_lag3', 'indicata_satis_ilan_orani_pct_lag3']
T2 FIT_DONE 2025-03 seconds=2.79 models=['SeasonalNaive', 'RecursiveTabular', 'DirectTabular', 'ETS', 'Theta', 'Chronos2', 'Toto2', 'WeightedEnsemble']

IP4 SECIM
SELECT_SECILEN_KOL=T1
SELECT_SECILEN_MODEL=Chronos2
SELECT_MAE=11.578849
SELECT_RMSE=14.293185
SELECT_DA_YUZDE=66.666667
CONFIRM_MAE=8.157648
CONFIRM_RMSE=9.607720
CONFIRM_DA_YUZDE=75.000000
ALL_PAIRED_WIN=14/24
ALL_MCNEMAR_P=0.54882812
KRITERLER={"mae_24_en_az_yuzde5_iyi": true, "paired_win_en_az_17": false, "mcnemar_p_altinda_005": false, "en_buyuk_2_cikarilinca_net_pozitif": true}
KOVARYAT_KABUL=False
NOT=Model yalnýz SELECT bloðunda mekanik olarak seçildi; CONFIRM sonucuna göre deðiþtirilmedi.

IP4 DIRECTTABULAR TANI
T0_declared_known_covariates=[]
T0_tabular_features=["lag1", "lag2", "lag3", "lag4", "lag5", "lag6", "lag7", "lag11", "lag12", "lag13", "lag23", "lag24", "lag25", "lag35", "lag36", "lag37", "month_of_year"]
T0_declared_and_present=[]
T0_all_declared_present=True
T0_covariate_drop_warnings=[]
T1_declared_known_covariates=["noter_devir_otomobil_adet_lag3", "osd_binek_adet_lag3", "otv_event_ay_mi_lag3"]
T1_tabular_features=["noter_devir_otomobil_adet_lag3", "osd_binek_adet_lag3", "otv_event_ay_mi_lag3", "__scaled_noter_devir_otomobil_adet_lag3", "__scaled_osd_binek_adet_lag3", "lag1", "lag2", "lag3", "lag4", "lag5", "lag6", "lag7", "lag11", "lag12", "lag13", "lag23", "lag24", "lag25", "lag35", "lag36", "lag37", "month_of_year"]
T1_declared_and_present=["noter_devir_otomobil_adet_lag3", "osd_binek_adet_lag3", "otv_event_ay_mi_lag3"]
T1_all_declared_present=True
T1_covariate_drop_warnings=[]

IP4 REPRODUKSIYON
T0_vs_IP2: n=120, max_abs_fark=3.5527136788e-15, exact_1e-8_pass=True
T1_vs_IP3: n=120, max_abs_fark=7.45057970875e-09, exact_1e-8_pass=True
T2_vs_IP3: n=120, max_abs_fark=3.5527136788e-15, exact_1e-8_pass=True

ASSERT max_origin=2025-03-01 test_rows=0
TEST BLOKUNA DOKUNULMADI.
